[0m21:55:08.000385 [debug] [MainThread]: Sending event: {'category': 'dbt', 'action': 'invocation', 'label': 'start', 'context': [<snowplow_tracker.self_describing_json.SelfDescribingJson object at 0x00000294E79E0C90>, <snowplow_tracker.self_describing_json.SelfDescribingJson object at 0x00000294E77C8150>, <snowplow_tracker.self_describing_json.SelfDescribingJson object at 0x00000294E77C9290>]}


============================== 21:55:08.179703 | b620b2aa-278f-4b8a-860e-047e06b91c8c ==============================
[0m21:55:08.179703 [info ] [MainThread]: Running with dbt=1.12.2
[0m21:55:08.181704 [debug] [MainThread]: running dbt with arguments {'static_parser': 'True', 'no_print': 'None', 'version_check': 'True', 'warn_error_options': 'WarnErrorOptionsV2(error=[], warn=[], silence=[])', 'target_path': 'None', 'maximum_seed_size_mib': '1', 'printer_width': '80', 'write_json': 'True', 'empty': 'None', 'log_cache_events': 'False', 'introspect': 'True', 'cache_selected_only': 'False', 'log_format': 'default', 'debug': 'False', 'fail_fast': 'False', 'partial_parse': 'True', 'send_anonymous_usage_stats': 'True', 'quiet': 'False', 'warn_error': 'None', 'profiles_dir': 'dbt', 'indirect_selection': 'eager', 'hints_enabled': 'True', 'use_colors': 'True', 'use_experimental_parser': 'False', 'invocation_command': 'dbt parse --project-dir dbt --profiles-dir dbt', 'log_path': 'dbt\\logs'}
[0m21:55:08.844550 [debug] [MainThread]: Snowflake adapter: Setting snowflake.connector to ERROR (file logging only)
[0m21:55:08.853464 [debug] [MainThread]: Snowflake adapter: Setting botocore to ERROR (file logging only)
[0m21:55:08.853464 [debug] [MainThread]: Snowflake adapter: Setting boto3 to ERROR (file logging only)
[0m21:55:12.654656 [debug] [MainThread]: Sending event: {'category': 'dbt', 'action': 'project_id', 'label': 'b620b2aa-278f-4b8a-860e-047e06b91c8c', 'context': [<snowplow_tracker.self_describing_json.SelfDescribingJson object at 0x00000294E7A3FD10>]}
[0m21:55:12.773044 [debug] [MainThread]: Sending event: {'category': 'dbt', 'action': 'adapter_info', 'label': 'b620b2aa-278f-4b8a-860e-047e06b91c8c', 'context': [<snowplow_tracker.self_describing_json.SelfDescribingJson object at 0x00000294E7A3EB50>]}
[0m21:55:12.773044 [info ] [MainThread]: Registered adapter: snowflake=1.12.0
[0m21:55:13.538195 [debug] [MainThread]: checksum: 144fe664adbf7841136a1a51b5609d04b4fa995ab393ddf191c517dbdd598855, vars: {}, profile: lyme_gap_atlas_pipeline, target: dev, version: 1.12.2
[0m21:55:13.538195 [info ] [MainThread]: Unable to do partial parsing because saved manifest not found. Starting full parse.
[0m21:55:13.538195 [debug] [MainThread]: Sending event: {'category': 'dbt', 'action': 'partial_parser', 'label': 'b620b2aa-278f-4b8a-860e-047e06b91c8c', 'context': [<snowplow_tracker.self_describing_json.SelfDescribingJson object at 0x00000294E8C1D9D0>]}
[0m21:55:15.291954 [debug] [MainThread]: Sending event: {'category': 'dbt', 'action': 'load_project', 'label': 'b620b2aa-278f-4b8a-860e-047e06b91c8c', 'context': [<snowplow_tracker.self_describing_json.SelfDescribingJson object at 0x00000294E8E07A90>]}
[0m21:55:15.307697 [info ] [MainThread]: Performance info: dbt\target\perf_info.json
[0m21:55:15.434902 [debug] [MainThread]: Wrote artifact WritableManifest to dbt\target\manifest.json
[0m21:55:15.434902 [debug] [MainThread]: Wrote artifact SemanticManifest to dbt\target\semantic_manifest.json
[0m21:55:15.644714 [debug] [MainThread]: Wrote artifact OsiDocument to dbt\target\osi_document.json
[0m21:55:15.644714 [debug] [MainThread]: Command `dbt parse` succeeded at 21:55:15.644714 after 7.83 seconds
[0m21:55:15.644714 [debug] [MainThread]: Sending event: {'category': 'dbt', 'action': 'invocation', 'label': 'end', 'context': [<snowplow_tracker.self_describing_json.SelfDescribingJson object at 0x00000294E7994710>, <snowplow_tracker.self_describing_json.SelfDescribingJson object at 0x00000294E7976450>, <snowplow_tracker.self_describing_json.SelfDescribingJson object at 0x00000294E7976410>]}
[0m21:55:15.644714 [debug] [MainThread]: Flushing usage events
[0m21:55:16.184997 [debug] [MainThread]: An error was encountered while trying to flush usage events
